// Jest Snapshot v1, https://goo.gl/fbAQLP

exports[`Testes do componente NavLinks Snapshot do componente 1`] = `
<div>
  <nav
    class="sc-bdvvtL ikFlXf"
  >
    <ul>
      <li>
        <a
          href="#home"
        >
          HOME
        </a>
      </li>
      <li>
        <a
          href="#sobre"
        >
          SOBRE
        </a>
      </li>
      <li>
        <a
          href="#projetos"
        >
          PROJETOS
        </a>
      </li>
      <li>
        <a
          href="#contato"
        >
          CONTATO
        </a>
      </li>
    </ul>
  </nav>
</div>
`;
